// Jest Snapshot v1, https://goo.gl/fbAQLP

exports[`PokemonPicture debe de hacer match con el snapshop 1`] = `<div class="pokemon-container" showpokemon="false"><img src="https://raw.githubusercontent.com/PokeAPI/sprites/master/sprites/pokemon/other/dream-world/1.svg" class="hidden-pokemon" alt="pokemon"></div>`;
